// Jest Snapshot v1, https://goo.gl/fbAQLP

exports[`Pruebas en <GifItem /> debe de hacer match con el snapshot 1`] = `
<div>
  <div
    class="card"
  >
    <img
      alt="Animation Click GIF by Chris Gannon"
      src="https://media0.giphy.com/media/26his8ERHOSxKuWw8/giphy.gif?cid=565dda93tv2byza57gmucp9ihxqcv3cqsxp4f4pjjg1ikwol&ep=v1_gifs_search&rid=giphy.gif&ct=g"
    />
    <p>
      Animation Click GIF by Chris Gannon
    </p>
  </div>
</div>
`;
